
> dashboard@0.1.0 build
> next build

node.exe : ΓÜá 
Warning: Next.js 
inferred your 
workspace root, but it 
may not be correct.
At C:\Program Files\nod
ejs\npm.ps1:29 char:3
+   & $NODE_EXE 
$NPM_CLI_JS $args
+   ~~~~~~~~~~~~~~~~~~~
~~~~~~~~~~
    + CategoryInfo     
         : 
NotSpecified    : (ΓÜá 
Warning: Ne.    ..not 
be correct.:S    
tring) [], RemoteEx    
ception
    + 
FullyQualifiedErr    
orId : NativeComman    
dError
 
 We detected multiple 
lockfiles and selected 
the directory of C:\Use
rs\MKS\package-lock.jso
n as the root 
directory.
 To silence this 
warning, set 
`turbopack.root` in 
your Next.js config, 
or consider removing 
one of the lockfiles 
if it's not needed.
   See https://nextjs.o
rg/docs/app/api-referen
ce/config/next-config-j
s/turbopack#root-direct
ory for more 
information.
 Detected additional 
lockfiles: 
   * C:\Users\MKS\Deskt
op\New folder\dsbrd\pac
kage-lock.json

Γû▓ Next.js 16.1.6 (Turbopack)
- Environments: .env.local

  Creating an optimized production build ...

> Build error occurred
Error: Turbopack build 
failed with 3 errors:
./Desktop/New folder/ds
brd/src/components/dash
board/SouthAfricaMap.ts
x:5:1
Module not found: 
Can't resolve 'leaflet'
[0m [90m 3 |[39m 
[36mimport[39m [33mR
eact[39m[33m,[39m { 
useEffect[33m,[39m 
useState } 
[36mfrom[39m [32m"re
act"[39m[33m;[39m
 [90m 4 |[39m 
[36mimport[39m { [33
mMapContainer[39m[33m
,[39m [33mTileLayer[
39m[33m,[39m [33mMar
ker[39m[33m,[39m [3
3mPopup[39m[33m,[39m
 [33mTooltip[39m[33m
,[39m useMap } 
[36mfrom[39m [32m"re
act-leaflet"[39m[33m;
[39m
[31m[1m>[22m[39m[9
0m 5 |[39m 
[36mimport[39m 
[33mL[39m 
[36mfrom[39m [32m"le
aflet"[39m[33m;[39m
 [90m   |[39m [31m[
1m^[22m[39m[31m[1m^
[22m[39m[31m[1m^[2
2m[39m[31m[1m^[22m
[39m[31m[1m^[22m[39
m[31m[1m^[22m[39m[
31m[1m^[22m[39m[31m
[1m^[22m[39m[31m[1
m^[22m[39m[31m[1m^
[22m[39m[31m[1m^[22
m[39m[31m[1m^[22m[
39m[31m[1m^[22m[39m
[31m[1m^[22m[39m[3
1m[1m^[22m[39m[31m
[1m^[22m[39m[31m[1m
^[22m[39m[31m[1m^[
22m[39m[31m[1m^[22m
[39m[31m[1m^[22m[3
9m[31m[1m^[22m[39m
[31m[1m^[22m[39m[31
m[1m^[22m[39m[31m[
1m^[22m[39m
 [90m 6 |[39m 
[36mimport[39m [32m"
leaflet/dist/leaflet.cs
s"[39m[33m;[39m
 [90m 7 |[39m
 [90m 8 |[39m 
[90m// Fix for 
default markers in 
Leaflet with 
Next.js[39m[0m



Import trace:
  Client Component 
Browser:
    ./Desktop/New folde
r/dsbrd/src/components/
dashboard/SouthAfricaMa
p.tsx [Client 
Component Browser]
    ./Desktop/New folde
r/dsbrd/src/app/admin/d
ashboard/page.tsx 
[Client Component 
Browser]
    ./Desktop/New folde
r/dsbrd/src/app/admin/d
ashboard/page.tsx 
[Server Component]

https://nextjs.org/docs
/messages/module-not-fo
und


./Desktop/New folder/ds
brd/src/components/dash
board/SouthAfricaMap.ts
x:6:1
Module not found: 
Can't resolve 'leaflet/
dist/leaflet.css'
[0m [90m 4 |[39m 
[36mimport[39m { [33
mMapContainer[39m[33m
,[39m [33mTileLayer[
39m[33m,[39m [33mMar
ker[39m[33m,[39m [3
3mPopup[39m[33m,[39m
 [33mTooltip[39m[33m
,[39m useMap } 
[36mfrom[39m [32m"re
act-leaflet"[39m[33m;
[39m
 [90m 5 |[39m 
[36mimport[39m 
[33mL[39m 
[36mfrom[39m [32m"le
aflet"[39m[33m;[39m
[31m[1m>[22m[39m[9
0m 6 |[39m 
[36mimport[39m [32m"
leaflet/dist/leaflet.cs
s"[39m[33m;[39m
 [90m   |[39m [31m[
1m^[22m[39m[31m[1m^
[22m[39m[31m[1m^[2
2m[39m[31m[1m^[22m
[39m[31m[1m^[22m[39
m[31m[1m^[22m[39m[
31m[1m^[22m[39m[31m
[1m^[22m[39m[31m[1
m^[22m[39m[31m[1m^
[22m[39m[31m[1m^[22
m[39m[31m[1m^[22m[
39m[31m[1m^[22m[39m
[31m[1m^[22m[39m[3
1m[1m^[22m[39m[31m
[1m^[22m[39m[31m[1m
^[22m[39m[31m[1m^[
22m[39m[31m[1m^[22m
[39m[31m[1m^[22m[3
9m[31m[1m^[22m[39m
[31m[1m^[22m[39m[31
m[1m^[22m[39m[31m[
1m^[22m[39m[31m[1m^
[22m[39m[31m[1m^[2
2m[39m[31m[1m^[22m
[39m[31m[1m^[22m[39
m[31m[1m^[22m[39m[
31m[1m^[22m[39m[31m
[1m^[22m[39m[31m[1
m^[22m[39m[31m[1m^
[22m[39m[31m[1m^[22
m[39m
 [90m 7 |[39m
 [90m 8 |[39m 
[90m// Fix for 
default markers in 
Leaflet with 
Next.js[39m
 [90m 9 |[39m 
[36mconst[39m 
fixLeafletIcon 
[33m=[39m () 
[33m=>[39m {[0m



Import trace:
  Client Component 
Browser:
    ./Desktop/New folde
r/dsbrd/src/components/
dashboard/SouthAfricaMa
p.tsx [Client 
Component Browser]
    ./Desktop/New folde
r/dsbrd/src/app/admin/d
ashboard/page.tsx 
[Client Component 
Browser]
    ./Desktop/New folde
r/dsbrd/src/app/admin/d
ashboard/page.tsx 
[Server Component]

https://nextjs.org/docs
/messages/module-not-fo
und


./Desktop/New folder/ds
brd/src/components/dash
board/SouthAfricaMap.ts
x:4:1
Module not found: 
Can't resolve 
'react-leaflet'
[0m [90m 2 |[39m
 [90m 3 |[39m 
[36mimport[39m [33mR
eact[39m[33m,[39m { 
useEffect[33m,[39m 
useState } 
[36mfrom[39m [32m"re
act"[39m[33m;[39m
[31m[1m>[22m[39m[9
0m 4 |[39m 
[36mimport[39m { [33
mMapContainer[39m[33m
,[39m [33mTileLayer[
39m[33m,[39m [33mMar
ker[39m[33m,[39m [3
3mPopup[39m[33m,[39m
 [33mTooltip[39m[33m
,[39m useMap } 
[36mfrom[39m [32m"re
act-leaflet"[39m[33m;
[39m
 [90m   |[39m [31m[
1m^[22m[39m[31m[1m^
[22m[39m[31m[1m^[2
2m[39m[31m[1m^[22m
[39m[31m[1m^[22m[39
m[31m[1m^[22m[39m[
31m[1m^[22m[39m[31m
[1m^[22m[39m[31m[1
m^[22m[39m[31m[1m^
[22m[39m[31m[1m^[22
m[39m[31m[1m^[22m[
39m[31m[1m^[22m[39m
[31m[1m^[22m[39m[3
1m[1m^[22m[39m[31m
[1m^[22m[39m[31m[1m
^[22m[39m[31m[1m^[
22m[39m[31m[1m^[22m
[39m[31m[1m^[22m[3
9m[31m[1m^[22m[39m
[31m[1m^[22m[39m[31
m[1m^[22m[39m[31m[
1m^[22m[39m[31m[1m^
[22m[39m[31m[1m^[2
2m[39m[31m[1m^[22m
[39m[31m[1m^[22m[39
m[31m[1m^[22m[39m[
31m[1m^[22m[39m[31m
[1m^[22m[39m[31m[1
m^[22m[39m[31m[1m^
[22m[39m[31m[1m^[22
m[39m[31m[1m^[22m[
39m[31m[1m^[22m[39m
[31m[1m^[22m[39m[3
1m[1m^[22m[39m[31m
[1m^[22m[39m[31m[1m
^[22m[39m[31m[1m^[
22m[39m[31m[1m^[22m
[39m[31m[1m^[22m[3
9m[31m[1m^[22m[39m
[31m[1m^[22m[39m[31
m[1m^[22m[39m[31m[
1m^[22m[39m[31m[1m^
[22m[39m[31m[1m^[2
2m[39m[31m[1m^[22m
[39m[31m[1m^[22m[39
m[31m[1m^[22m[39m[
31m[1m^[22m[39m[31m
[1m^[22m[39m[31m[1
m^[22m[39m[31m[1m^
[22m[39m[31m[1m^[22
m[39m[31m[1m^[22m[
39m[31m[1m^[22m[39m
[31m[1m^[22m[39m[3
1m[1m^[22m[39m[31m
[1m^[22m[39m[31m[1m
^[22m[39m[31m[1m^[
22m[39m[31m[1m^[22m
[39m[31m[1m^[22m[3
9m[31m[1m^[22m[39m
[31m[1m^[22m[39m[31
m[1m^[22m[39m[31m[
1m^[22m[39m[31m[1m^
[22m[39m[31m[1m^[2
2m[39m[31m[1m^[22m
[39m[31m[1m^[22m[39
m[31m[1m^[22m[39m[
31m[1m^[22m[39m[31m
[1m^[22m[39m[31m[1
m^[22m[39m[31m[1m^
[22m[39m[31m[1m^[22
m[39m[31m[1m^[22m[
39m[31m[1m^[22m[39m
[31m[1m^[22m[39m[3
1m[1m^[22m[39m[31m
[1m^[22m[39m[31m[1m
^[22m[39m[31m[1m^[
22m[39m[31m[1m^[22m
[39m
 [90m 5 |[39m 
[36mimport[39m 
[33mL[39m 
[36mfrom[39m [32m"le
aflet"[39m[33m;[39m
 [90m 6 |[39m 
[36mimport[39m [32m"
leaflet/dist/leaflet.cs
s"[39m[33m;[39m
 [90m 7 |[39m[0m



Import trace:
  Client Component 
Browser:
    ./Desktop/New folde
r/dsbrd/src/components/
dashboard/SouthAfricaMa
p.tsx [Client 
Component Browser]
    ./Desktop/New folde
r/dsbrd/src/app/admin/d
ashboard/page.tsx 
[Client Component 
Browser]
    ./Desktop/New folde
r/dsbrd/src/app/admin/d
ashboard/page.tsx 
[Server Component]

https://nextjs.org/docs
/messages/module-not-fo
und


    at <unknown> 
(./Desktop/New folder/d
sbrd/src/components/das
hboard/SouthAfricaMap.t
sx:5:1)
    at <unknown> (https
://nextjs.org/docs/mess
ages/module-not-found)
    at <unknown> 
(./Desktop/New folder/d
sbrd/src/components/das
hboard/SouthAfricaMap.t
sx:6:1)
    at <unknown> (https
://nextjs.org/docs/mess
ages/module-not-found)
    at <unknown> 
(./Desktop/New folder/d
sbrd/src/components/das
hboard/SouthAfricaMap.t
sx:4:1)
    at <unknown> (https
://nextjs.org/docs/mess
ages/module-not-found)
